// Jest Snapshot v1, https://goo.gl/fbAQLP

exports[`Components/ThemeToggle DarkTheme smoke-test 1`] = `
<style data-mantine-styles="classes">
  @media (max-width: 35.99375em) {.mantine-visible-from-xs {display: none !important;}}@media (min-width: 36em) {.mantine-hidden-from-xs {display: none !important;}}@media (max-width: 47.99375em) {.mantine-visible-from-sm {display: none !important;}}@media (min-width: 48em) {.mantine-hidden-from-sm {display: none !important;}}@media (max-width: 61.99375em) {.mantine-visible-from-md {display: none !important;}}@media (min-width: 62em) {.mantine-hidden-from-md {display: none !important;}}@media (max-width: 74.99375em) {.mantine-visible-from-lg {display: none !important;}}@media (min-width: 75em) {.mantine-hidden-from-lg {display: none !important;}}@media (max-width: 87.99375em) {.mantine-visible-from-xl {display: none !important;}}@media (min-width: 88em) {.mantine-hidden-from-xl {display: none !important;}}
</style>
<button class="mantine-focus-auto mantine-active m_8d3f4000 mantine-ActionIcon-root m_87cf2631 mantine-UnstyledButton-root"
        data-variant="outline"
        data-size="lg"
        type="button"
        aria-haspopup="menu"
        aria-expanded="false"
        aria-controls="mantine-c27oyynwd-dropdown"
        id="mantine-c27oyynwd-target"
        style="--ai-size: var(--ai-size-lg); --ai-bg: transparent; --ai-hover: var(--mantine-color-blue-outline-hover); --ai-color: var(--mantine-color-blue-outline); --ai-bd: calc(0.0625rem * var(--mantine-scale)) solid var(--mantine-color-blue-outline);"
>
  <span class="m_8d3afb97 mantine-ActionIcon-icon">
    <svg xmlns="http://www.w3.org/2000/svg"
         width="18"
         height="18"
         viewbox="0 0 24 24"
         fill="none"
         stroke="currentColor"
         stroke-width="2"
         stroke-linecap="round"
         stroke-linejoin="round"
         class="tabler-icon tabler-icon-sun "
    >
      <path d="M12 12m-4 0a4 4 0 1 0 8 0a4 4 0 1 0 -8 0">
      </path>
      <path d="M3 12h1m8 -9v1m8 8h1m-9 8v1m-6.4 -15.4l.7 .7m12.1 -.7l-.7 .7m0 11.4l.7 .7m-12.1 -.7l-.7 .7">
      </path>
    </svg>
  </span>
</button>
`;

exports[`Components/ThemeToggle Default smoke-test 1`] = `
<style data-mantine-styles="classes">
  @media (max-width: 35.99375em) {.mantine-visible-from-xs {display: none !important;}}@media (min-width: 36em) {.mantine-hidden-from-xs {display: none !important;}}@media (max-width: 47.99375em) {.mantine-visible-from-sm {display: none !important;}}@media (min-width: 48em) {.mantine-hidden-from-sm {display: none !important;}}@media (max-width: 61.99375em) {.mantine-visible-from-md {display: none !important;}}@media (min-width: 62em) {.mantine-hidden-from-md {display: none !important;}}@media (max-width: 74.99375em) {.mantine-visible-from-lg {display: none !important;}}@media (min-width: 75em) {.mantine-hidden-from-lg {display: none !important;}}@media (max-width: 87.99375em) {.mantine-visible-from-xl {display: none !important;}}@media (min-width: 88em) {.mantine-hidden-from-xl {display: none !important;}}
</style>
<button class="mantine-focus-auto mantine-active m_8d3f4000 mantine-ActionIcon-root m_87cf2631 mantine-UnstyledButton-root"
        data-variant="outline"
        data-size="lg"
        type="button"
        aria-haspopup="menu"
        aria-expanded="false"
        aria-controls="mantine-d6z4mox8s-dropdown"
        id="mantine-d6z4mox8s-target"
        style="--ai-size: var(--ai-size-lg); --ai-bg: transparent; --ai-hover: var(--mantine-color-blue-outline-hover); --ai-color: var(--mantine-color-blue-outline); --ai-bd: calc(0.0625rem * var(--mantine-scale)) solid var(--mantine-color-blue-outline);"
>
  <span class="m_8d3afb97 mantine-ActionIcon-icon">
    <svg xmlns="http://www.w3.org/2000/svg"
         width="18"
         height="18"
         viewbox="0 0 24 24"
         fill="none"
         stroke="currentColor"
         stroke-width="2"
         stroke-linecap="round"
         stroke-linejoin="round"
         class="tabler-icon tabler-icon-sun "
    >
      <path d="M12 12m-4 0a4 4 0 1 0 8 0a4 4 0 1 0 -8 0">
      </path>
      <path d="M3 12h1m8 -9v1m8 8h1m-9 8v1m-6.4 -15.4l.7 .7m12.1 -.7l-.7 .7m0 11.4l.7 .7m-12.1 -.7l-.7 .7">
      </path>
    </svg>
  </span>
</button>
`;

exports[`Components/ThemeToggle LightTheme smoke-test 1`] = `
<style data-mantine-styles="classes">
  @media (max-width: 35.99375em) {.mantine-visible-from-xs {display: none !important;}}@media (min-width: 36em) {.mantine-hidden-from-xs {display: none !important;}}@media (max-width: 47.99375em) {.mantine-visible-from-sm {display: none !important;}}@media (min-width: 48em) {.mantine-hidden-from-sm {display: none !important;}}@media (max-width: 61.99375em) {.mantine-visible-from-md {display: none !important;}}@media (min-width: 62em) {.mantine-hidden-from-md {display: none !important;}}@media (max-width: 74.99375em) {.mantine-visible-from-lg {display: none !important;}}@media (min-width: 75em) {.mantine-hidden-from-lg {display: none !important;}}@media (max-width: 87.99375em) {.mantine-visible-from-xl {display: none !important;}}@media (min-width: 88em) {.mantine-hidden-from-xl {display: none !important;}}
</style>
<button class="mantine-focus-auto mantine-active m_8d3f4000 mantine-ActionIcon-root m_87cf2631 mantine-UnstyledButton-root"
        data-variant="outline"
        data-size="lg"
        type="button"
        aria-haspopup="menu"
        aria-expanded="false"
        aria-controls="mantine-k9dl85wvs-dropdown"
        id="mantine-k9dl85wvs-target"
        style="--ai-size: var(--ai-size-lg); --ai-bg: transparent; --ai-hover: var(--mantine-color-blue-outline-hover); --ai-color: var(--mantine-color-blue-outline); --ai-bd: calc(0.0625rem * var(--mantine-scale)) solid var(--mantine-color-blue-outline);"
>
  <span class="m_8d3afb97 mantine-ActionIcon-icon">
    <svg xmlns="http://www.w3.org/2000/svg"
         width="18"
         height="18"
         viewbox="0 0 24 24"
         fill="none"
         stroke="currentColor"
         stroke-width="2"
         stroke-linecap="round"
         stroke-linejoin="round"
         class="tabler-icon tabler-icon-sun "
    >
      <path d="M12 12m-4 0a4 4 0 1 0 8 0a4 4 0 1 0 -8 0">
      </path>
      <path d="M3 12h1m8 -9v1m8 8h1m-9 8v1m-6.4 -15.4l.7 .7m12.1 -.7l-.7 .7m0 11.4l.7 .7m-12.1 -.7l-.7 .7">
      </path>
    </svg>
  </span>
</button>
`;
